// Jest Snapshot v1, https://goo.gl/fbAQLP

exports[`GramsIcon Component it should match the snapshot 1`] = `
<DocumentFragment>
  <i
    aria-hidden="true"
    class="world large icon"
  />
</DocumentFragment>
`;
