// Jest Snapshot v1, https://goo.gl/fbAQLP

exports[`SelectProfile Component it should match the snapshot 1`] = `
<DocumentFragment>
  <div
    class="ui big relaxed list centered top"
    dir="ltr"
    role="list"
  >
    <div
      class="item"
      role="listitem"
    >
      <div
        class="avatar sb-avatar"
        style="display: inline-block; vertical-align: middle; width: 64px; height: 64px; border-radius: 100%; font-family: Helvetica, Arial, sans-serif;"
      >
        <div
          class="avatar sb-avatar__text"
          style="width: 64px; height: 64px; line-height: initial; text-align: center; color: rgb(255, 255, 255); background: teal; border-radius: 100%;"
          title="New"
        >
          <div
            style="display: table; table-layout: fixed; width: 100%; height: 100%;"
          >
            <span
              style="display: table-cell; vertical-align: middle; font-size: 100%; white-space: nowrap;"
            >
              <span />
            </span>
          </div>
        </div>
      </div>
      <div
        class="header"
      >
        New
      </div>
    </div>
  </div>
</DocumentFragment>
`;
