// Jest Snapshot v1, https://goo.gl/fbAQLP

exports[`ColorButton Component it should match the snapshot 1`] = `
<DocumentFragment>
  <button
    style="color: blue;"
  >
    Color Button
  </button>
</DocumentFragment>
`;
