// Jest Snapshot v1, https://goo.gl/fbAQLP

exports[`CreateProfileOptions Component it should match the snapshot 1`] = `<DocumentFragment />`;
